2026-09-22 13:40:08,769 DEBUG cd frappe-bench && uv venv env --seed --python python3
2026-09-22 13:40:10,517 LOG Getting frappe
2026-09-22 13:40:10,517 DEBUG cd frappe-bench/apps && git clone https://github.com/frappe/frappe.git  --depth 1 --origin upstream
2026-09-22 13:40:16,639 LOG Installing frappe
2026-09-22 13:40:16,642 DEBUG cd /home/makara/frappe-bench && uv pip install --quiet -e /home/makara/frappe-bench/apps/frappe  --python /home/makara/frappe-bench/env/bin/python
2026-09-22 13:41:49,314 DEBUG cd /home/makara/frappe-bench/apps/frappe && yarn install --check-files
2026-09-22 13:42:56,295 DEBUG cd frappe-bench && bench build
2026-09-22 13:42:56,411 INFO /home/makara/.local/bin/bench build
2026-09-22 13:43:04,969 LOG setting up backups
2026-09-22 13:43:04,983 LOG backups were set up
2026-09-22 13:43:04,983 INFO Bench frappe-bench initialized
2026-09-22 13:45:58,400 INFO /home/makara/.local/bin/bench start
2026-09-22 13:45:58,735 INFO /home/makara/.local/bin/bench schedule
2026-09-22 13:45:58,739 INFO /home/makara/.local/bin/bench socketio
2026-09-22 13:45:58,758 INFO /home/makara/.local/bin/bench worker
2026-09-22 13:45:58,846 INFO /home/makara/.local/bin/bench serve --port 8000
2026-09-22 13:45:58,865 INFO /home/makara/.local/bin/bench watch
2026-09-22 13:50:28,076 INFO /home/makara/.local/bin/bench find .
2026-09-22 13:50:35,437 INFO /home/makara/.local/bin/bench new-app library_management
2026-09-22 13:50:35,440 LOG creating new app library_management
2026-09-22 13:51:34,591 WARNING /home/makara/.local/bin/bench new-app library_management executed with exit code 1
2026-09-22 13:51:38,464 INFO /home/makara/.local/bin/bench new-app library_management
2026-09-22 13:51:38,467 LOG creating new app library_management
2026-09-22 13:53:11,917 LOG Installing library_management
2026-09-22 13:53:11,918 DEBUG cd /home/makara/frappe-bench && uv pip install --quiet -e /home/makara/frappe-bench/apps/library_management  --python /home/makara/frappe-bench/env/bin/python
2026-09-22 13:53:12,659 DEBUG bench build --app library_management
2026-09-22 13:53:12,757 INFO /home/makara/.local/bin/bench build --app library_management
2026-09-22 13:53:34,471 INFO /home/makara/.local/bin/bench new-site library.localhost
2026-09-22 13:55:16,544 INFO /home/makara/.local/bin/bench new-site your-site-name.localhost
2026-09-22 14:02:35,763 INFO /home/makara/.local/bin/bench new-site your-site-name.localhost
2026-09-22 14:12:49,072 INFO /home/makara/.local/bin/bench set-config -g developer_mode 1
2026-09-22 14:13:50,549 INFO /home/makara/.local/bin/bench start
2026-09-22 14:13:50,863 INFO /home/makara/.local/bin/bench socketio
2026-09-22 14:13:50,897 INFO /home/makara/.local/bin/bench worker
2026-09-22 14:13:50,904 INFO /home/makara/.local/bin/bench serve --port 8000
2026-09-22 14:13:50,950 INFO /home/makara/.local/bin/bench schedule
2026-09-22 14:13:50,989 INFO /home/makara/.local/bin/bench watch
2026-09-22 14:16:19,700 INFO /home/makara/.local/bin/bench start
2026-09-22 14:16:20,045 INFO /home/makara/.local/bin/bench socketio
2026-09-22 14:16:20,049 INFO /home/makara/.local/bin/bench serve --port 8000
2026-09-22 14:16:20,136 INFO /home/makara/.local/bin/bench schedule
2026-09-22 14:16:20,162 INFO /home/makara/.local/bin/bench worker
2026-09-22 14:16:20,228 INFO /home/makara/.local/bin/bench watch
2026-09-22 14:19:41,481 INFO /home/makara/.local/bin/bench use your-site-name.localhost
2026-09-22 14:19:57,618 INFO /home/makara/.local/bin/bench --site your-site-name.localhost migrate
2026-09-22 14:21:34,979 INFO /home/makara/.local/bin/bench --site site_name add-to-hosts
2026-09-22 14:21:46,624 INFO /home/makara/.local/bin/bench start
2026-09-22 14:21:46,955 INFO /home/makara/.local/bin/bench serve --port 8000
2026-09-22 14:21:46,958 INFO /home/makara/.local/bin/bench watch
2026-09-22 14:21:46,975 INFO /home/makara/.local/bin/bench socketio
2026-09-22 14:21:47,084 INFO /home/makara/.local/bin/bench schedule
2026-09-22 14:21:47,086 INFO /home/makara/.local/bin/bench worker
2026-09-22 14:22:51,882 INFO /home/makara/.local/bin/bench start
2026-09-22 14:22:52,193 INFO /home/makara/.local/bin/bench watch
2026-09-22 14:22:52,200 INFO /home/makara/.local/bin/bench schedule
2026-09-22 14:22:52,207 INFO /home/makara/.local/bin/bench socketio
2026-09-22 14:22:52,328 INFO /home/makara/.local/bin/bench serve --port 8000
2026-09-22 14:22:52,354 INFO /home/makara/.local/bin/bench worker
2026-09-22 14:25:03,632 INFO /home/makara/.local/bin/bench --site library.localhost install-app library_management
2026-09-22 14:25:28,553 INFO /home/makara/.local/bin/bench start
2026-09-22 14:25:28,875 INFO /home/makara/.local/bin/bench serve --port 8000
2026-09-22 14:25:28,893 INFO /home/makara/.local/bin/bench socketio
2026-09-22 14:25:28,926 INFO /home/makara/.local/bin/bench worker
2026-09-22 14:25:28,935 INFO /home/makara/.local/bin/bench watch
2026-09-22 14:25:29,013 INFO /home/makara/.local/bin/bench schedule
2026-09-22 14:25:44,184 INFO /home/makara/.local/bin/bench start
2026-09-22 14:25:44,474 INFO /home/makara/.local/bin/bench serve --port 8000
2026-09-22 14:25:44,484 INFO /home/makara/.local/bin/bench socketio
2026-09-22 14:25:44,491 INFO /home/makara/.local/bin/bench schedule
2026-09-22 14:25:44,588 INFO /home/makara/.local/bin/bench watch
2026-09-22 14:25:44,612 INFO /home/makara/.local/bin/bench worker
2026-09-22 14:29:25,215 INFO /home/makara/.local/bin/bench start
2026-09-22 14:29:25,567 INFO /home/makara/.local/bin/bench serve --port 8000
2026-09-22 14:29:25,574 INFO /home/makara/.local/bin/bench watch
2026-09-22 14:29:25,589 INFO /home/makara/.local/bin/bench schedule
2026-09-22 14:29:25,695 INFO /home/makara/.local/bin/bench socketio
2026-09-22 14:29:25,711 INFO /home/makara/.local/bin/bench worker
2026-09-22 14:33:34,839 INFO /home/makara/.local/bin/bench --site your-site-name set-admin-password 123456
2026-09-22 14:34:11,283 INFO /home/makara/.local/bin/bench --site your-site-name.localhost set-admin-password 123456
2026-09-22 14:34:41,994 INFO /home/makara/.local/bin/bench start
2026-09-22 14:34:42,314 INFO /home/makara/.local/bin/bench worker
2026-09-22 14:34:42,323 INFO /home/makara/.local/bin/bench schedule
2026-09-22 14:34:42,331 INFO /home/makara/.local/bin/bench serve --port 8000
2026-09-22 14:34:42,427 INFO /home/makara/.local/bin/bench socketio
2026-09-22 14:34:42,439 INFO /home/makara/.local/bin/bench watch
2026-09-22 14:36:42,941 INFO /home/makara/.local/bin/bench --site your-site-name.local set-admin-password Admin@123
2026-09-22 14:37:05,187 INFO /home/makara/.local/bin/bench --site your-site-name.localhost set-admin-password Admin@123
2026-09-22 14:37:23,609 INFO /home/makara/.local/bin/bench start
2026-09-22 14:37:23,935 INFO /home/makara/.local/bin/bench schedule
2026-09-22 14:37:23,953 INFO /home/makara/.local/bin/bench serve --port 8000
2026-09-22 14:37:23,976 INFO /home/makara/.local/bin/bench socketio
2026-09-22 14:37:23,995 INFO /home/makara/.local/bin/bench watch
2026-09-22 14:37:24,039 INFO /home/makara/.local/bin/bench worker
2026-09-22 14:41:38,684 INFO /home/makara/.local/bin/bench --site your-site-name.localhost list-apps
2026-09-22 14:42:35,592 INFO /home/makara/.local/bin/bench --site your-site-name.localhost install-app library_management
2026-09-22 15:40:57,022 INFO /home/makara/.local/bin/bench version
2026-09-22 16:47:18,664 INFO /home/makara/.local/bin/bench build --app library_management
2026-09-22 16:47:36,053 INFO /home/makara/.local/bin/bench clear-cache
2026-09-22 16:47:55,206 INFO /home/makara/.local/bin/bench restart
2026-09-22 16:48:58,785 INFO /home/makara/.local/bin/bench start
2026-09-22 16:48:59,234 INFO /home/makara/.local/bin/bench socketio
2026-09-22 16:48:59,251 INFO /home/makara/.local/bin/bench worker
2026-09-22 16:48:59,263 INFO /home/makara/.local/bin/bench watch
2026-09-22 16:48:59,275 INFO /home/makara/.local/bin/bench schedule
2026-09-22 16:48:59,277 INFO /home/makara/.local/bin/bench serve --port 8000
2026-09-22 16:50:57,570 INFO /home/makara/.local/bin/bench restart
2026-09-22 16:51:03,801 INFO /home/makara/.local/bin/bench start
2026-09-22 16:51:04,140 INFO /home/makara/.local/bin/bench socketio
2026-09-22 16:51:04,193 INFO /home/makara/.local/bin/bench serve --port 8000
2026-09-22 16:51:04,198 INFO /home/makara/.local/bin/bench schedule
2026-09-22 16:51:04,238 INFO /home/makara/.local/bin/bench worker
2026-09-22 16:51:04,256 INFO /home/makara/.local/bin/bench watch
2026-09-22 17:00:38,774 INFO /home/makara/.local/bin/bench build --app library_management
2026-09-22 17:02:12,553 INFO /home/makara/.local/bin/bench status
2026-09-22 17:02:21,077 INFO /home/makara/.local/bin/bench start
2026-09-22 17:02:21,439 INFO /home/makara/.local/bin/bench worker
2026-09-22 17:02:21,475 INFO /home/makara/.local/bin/bench schedule
2026-09-22 17:02:21,493 INFO /home/makara/.local/bin/bench watch
2026-09-22 17:02:21,604 INFO /home/makara/.local/bin/bench socketio
2026-09-22 17:02:21,608 INFO /home/makara/.local/bin/bench serve --port 8000
2026-09-22 17:03:50,228 INFO /home/makara/.local/bin/bench status
2026-09-22 17:05:18,843 INFO /home/makara/.local/bin/bench start
2026-09-22 17:05:19,190 INFO /home/makara/.local/bin/bench watch
2026-09-22 17:05:19,208 INFO /home/makara/.local/bin/bench schedule
2026-09-22 17:05:19,220 INFO /home/makara/.local/bin/bench socketio
2026-09-22 17:05:19,306 INFO /home/makara/.local/bin/bench serve --port 8000
2026-09-22 17:05:19,339 INFO /home/makara/.local/bin/bench worker
2026-09-23 11:25:18,122 INFO /home/makara/.local/bin/bench starr
2026-09-23 11:27:01,667 INFO /home/makara/.local/bin/bench start
2026-09-23 11:27:02,243 INFO /home/makara/.local/bin/bench watch
2026-09-23 11:27:02,274 INFO /home/makara/.local/bin/bench schedule
2026-09-23 11:27:02,295 INFO /home/makara/.local/bin/bench socketio
2026-09-23 11:27:02,372 INFO /home/makara/.local/bin/bench serve --port 8000
2026-09-23 11:27:02,407 INFO /home/makara/.local/bin/bench worker
2026-09-23 11:49:21,553 INFO /home/makara/.local/bin/bench --site your-site-name.localhost clear-cache
2026-09-23 11:49:30,542 INFO /home/makara/.local/bin/bench start
2026-09-23 11:49:30,971 INFO /home/makara/.local/bin/bench serve --port 8000
2026-09-23 11:49:30,972 INFO /home/makara/.local/bin/bench socketio
2026-09-23 11:49:31,042 INFO /home/makara/.local/bin/bench watch
2026-09-23 11:49:31,043 INFO /home/makara/.local/bin/bench worker
2026-09-23 11:49:31,127 INFO /home/makara/.local/bin/bench schedule
2026-09-23 12:00:01,465 INFO /home/makara/.local/bin/bench --verbose --site all backup
2026-09-23 12:54:18,644 INFO /home/makara/.local/bin/bench start
2026-09-23 12:54:19,065 INFO /home/makara/.local/bin/bench serve --port 8000
2026-09-23 12:54:19,119 INFO /home/makara/.local/bin/bench schedule
2026-09-23 12:54:19,137 INFO /home/makara/.local/bin/bench worker
2026-09-23 12:54:19,271 INFO /home/makara/.local/bin/bench watch
2026-09-23 12:54:19,318 INFO /home/makara/.local/bin/bench socketio
